src/App.tsx(1,8): error TS6133: 'React' is declared but its value is never read.
src/components/Calendar/Calendar.tsx(17,3): error TS6133: 'isAfter' is declared but its value is never read.
src/components/Calendar/Calendar.tsx(167,37): error TS6133: 'idx' is declared but its value is never read.
src/components/Notes/Notes.tsx(13,22): error TS2554: Expected 1 arguments, but got 0.
src/components/Notes/Notes.tsx(13,29): error TS2503: Cannot find namespace 'NodeJS'.
